###############################################################################
#
# IAR ELF Linker V8.11.2.13589/W32 for ARM                28/Dec/2017  14:53:58
# Copyright 2007-2017 IAR Systems AB.
#
#    Output file  =  
#        C:\Users\Vipin\Documents\GitHub\ANTTT\iar_7_20_1\Debug\Exe\mpg51-SD3-SDK4-efwm-01.out
#    Map file     =  
#        C:\Users\Vipin\Documents\GitHub\ANTTT\iar_7_20_1\Debug\List\mpg51-SD3-SDK4-efwm-01.map
#    Command line =  
#        -f C:\Users\Vipin\AppData\Local\Temp\EW4CC4.tmp
#        (C:\Users\Vipin\Documents\GitHub\ANTTT\iar_7_20_1\Debug\Obj\ant_integration.o
#        C:\Users\Vipin\Documents\GitHub\ANTTT\iar_7_20_1\Debug\Obj\anttt-ehdw-04.o
#        C:\Users\Vipin\Documents\GitHub\ANTTT\iar_7_20_1\Debug\Obj\anttt.o
#        C:\Users\Vipin\Documents\GitHub\ANTTT\iar_7_20_1\Debug\Obj\ble_advdata.o
#        C:\Users\Vipin\Documents\GitHub\ANTTT\iar_7_20_1\Debug\Obj\ble_advdata_parser.o
#        C:\Users\Vipin\Documents\GitHub\ANTTT\iar_7_20_1\Debug\Obj\ble_integration.o
#        C:\Users\Vipin\Documents\GitHub\ANTTT\iar_7_20_1\Debug\Obj\bleperipheral.o
#        C:\Users\Vipin\Documents\GitHub\ANTTT\iar_7_20_1\Debug\Obj\bleperipheral_engenuics.o
#        C:\Users\Vipin\Documents\GitHub\ANTTT\iar_7_20_1\Debug\Obj\iar_startup_nrf51.o
#        C:\Users\Vipin\Documents\GitHub\ANTTT\iar_7_20_1\Debug\Obj\interrupts.o
#        C:\Users\Vipin\Documents\GitHub\ANTTT\iar_7_20_1\Debug\Obj\leds_anttt.o
#        C:\Users\Vipin\Documents\GitHub\ANTTT\iar_7_20_1\Debug\Obj\main.o
#        C:\Users\Vipin\Documents\GitHub\ANTTT\iar_7_20_1\Debug\Obj\soc_integration.o
#        C:\Users\Vipin\Documents\GitHub\ANTTT\iar_7_20_1\Debug\Obj\system_nrf51422.o
#        C:\Users\Vipin\Documents\GitHub\ANTTT\iar_7_20_1\Debug\Obj\utilities.o
#        --redirect _Printf=_PrintfTiny --redirect _Scanf=_ScanfSmallNoMb -o
#        C:\Users\Vipin\Documents\GitHub\ANTTT\iar_7_20_1\Debug\Exe\mpg51-SD3-SDK4-efwm-01.out
#        --map
#        C:\Users\Vipin\Documents\GitHub\ANTTT\iar_7_20_1\Debug\List\mpg51-SD3-SDK4-efwm-01.map
#        --config
#        C:\Users\Vipin\Documents\GitHub\ANTTT\iar_7_20_1\..\nordic_sdk4_2_2\Source\nRF51422_QFAA.icf
#        --semihosting --entry __iar_program_start --vfe --text_out locale)
#
###############################################################################

*******************************************************************************
*** RUNTIME MODEL ATTRIBUTES
***

CppFlavor       = *
__SystemLibrary = DLib
__dlib_version  = 6


*******************************************************************************
*** HEAP SELECTION
***

The basic heap was selected because some modules are built with
size limitations (and not runtime checking), and --advanced_heap
was not specified.


*******************************************************************************
*** PLACEMENT SUMMARY
***

"A0":  place at 0x00020000 { ro section .intvec };
"P1":  place in [from 0x00020000 to 0x0003ffff] { ro };
define block CSTACK with size = 2K, alignment = 8 { };
define block HEAP with size = 2K, alignment = 8 { };
"P2":  place in [from 0x20002400 to 0x20003fff] {
          rw, block CSTACK, block HEAP };
initialize by copy { rw };
keep { section .intvec };

  Section            Kind        Address    Size  Object
  -------            ----        -------    ----  ------
"A0":                                       0xc0
  .intvec            ro code  0x00020000    0xc0  iar_startup_nrf51.o [1]
                            - 0x000200c0    0xc0

"P1":                                     0x19d1
  .text              ro code  0x000200c0   0x676  ble_advdata.o [1]
  .text              ro code  0x00020736     0x2  iar_startup_nrf51.o [1]
  .text              ro code  0x00020738    0x5c  ABImemcpy.o [4]
  .text              ro code  0x00020794   0x3b8  bleperipheral_engenuics.o [1]
  .text              ro code  0x00020b4c    0x50  ABImemset.o [4]
  .text              ro code  0x00020b9c    0x76  main.o [1]
  .text              ro code  0x00020c12     0x2  iar_startup_nrf51.o [1]
  .text              ro code  0x00020c14   0x1f8  anttt-ehdw-04.o [1]
  .text              ro code  0x00020e0c    0x4c  soc_integration.o [1]
  .text              ro code  0x00020e58    0x8c  interrupts.o [1]
  .text              ro code  0x00020ee4   0x298  leds_anttt.o [1]
  .text              ro code  0x0002117c    0x14  ant_integration.o [1]
  .text              ro code  0x00021190    0x48  ble_integration.o [1]
  .text              ro code  0x000211d8   0x268  bleperipheral.o [1]
  .text              ro code  0x00021440   0x274  anttt.o [1]
  .text              ro code  0x000216b4    0xae  I32DivModFast.o [4]
  .text              ro code  0x00021762     0x2  iar_startup_nrf51.o [1]
  .text              ro code  0x00021764     0x2  IntDivZer.o [4]
  .text              ro code  0x00021766     0x2  iar_startup_nrf51.o [1]
  .text              ro code  0x00021768    0xf0  system_nrf51422.o [1]
  .text              ro code  0x00021858    0x82  lz77_init_single.o [4]
  .text              ro code  0x000218da    0x40  zero_init3.o [4]
  .text              ro code  0x0002191a     0x2  iar_startup_nrf51.o [1]
  .text              ro code  0x0002191c    0x2c  iar_startup_nrf51.o [1]
  .text              ro code  0x00021948    0x28  data_init.o [4]
  .iar.init_table    const    0x00021970    0x20  - Linker created -
  .text              ro code  0x00021990    0x1a  cmain.o [4]
  .text              ro code  0x000219aa     0x4  low_level_init.o [3]
  .text              ro code  0x000219ae     0x8  exit.o [3]
  .text              ro code  0x000219b6     0x2  iar_startup_nrf51.o [1]
  .text              ro code  0x000219b8     0xa  cexit.o [4]
  .text              ro code  0x000219c2     0x2  iar_startup_nrf51.o [1]
  .text              ro code  0x000219c4    0x14  exit.o [5]
  .rodata            const    0x000219d8    0x10  bleperipheral_engenuics.o [1]
  .text              ro code  0x000219e8     0xc  cstartup_M.o [4]
  .rodata            const    0x000219f4     0x8  bleperipheral.o [1]
  .rodata            const    0x000219fc     0x8  bleperipheral.o [1]
  .rodata            const    0x00021a04     0x8  leds_anttt.o [1]
  .rodata            const    0x00021a0c     0x8  leds_anttt.o [1]
  .text              ro code  0x00021a14     0x2  iar_startup_nrf51.o [1]
  .text              ro code  0x00021a16     0x2  iar_startup_nrf51.o [1]
  .text              ro code  0x00021a18     0x2  iar_startup_nrf51.o [1]
  .text              ro code  0x00021a1a     0x2  iar_startup_nrf51.o [1]
  .text              ro code  0x00021a1c     0x2  iar_startup_nrf51.o [1]
  .text              ro code  0x00021a1e     0x2  iar_startup_nrf51.o [1]
  .text              ro code  0x00021a20     0x2  iar_startup_nrf51.o [1]
  .text              ro code  0x00021a22     0x2  iar_startup_nrf51.o [1]
  .text              ro code  0x00021a24     0x2  iar_startup_nrf51.o [1]
  .text              ro code  0x00021a26     0x2  iar_startup_nrf51.o [1]
  .text              ro code  0x00021a28     0x2  iar_startup_nrf51.o [1]
  .text              ro code  0x00021a2a     0x2  iar_startup_nrf51.o [1]
  .text              ro code  0x00021a2c     0x2  iar_startup_nrf51.o [1]
  .text              ro code  0x00021a2e     0x2  iar_startup_nrf51.o [1]
  .text              ro code  0x00021a30     0x2  iar_startup_nrf51.o [1]
  .text              ro code  0x00021a32     0x2  iar_startup_nrf51.o [1]
  .text              ro code  0x00021a34     0x2  iar_startup_nrf51.o [1]
  .text              ro code  0x00021a36     0x2  iar_startup_nrf51.o [1]
  .text              ro code  0x00021a38     0x2  iar_startup_nrf51.o [1]
  .rodata            const    0x00021a3a     0x0  zero_init3.o [4]
  .rodata            const    0x00021a3a     0x0  lz77_init_single.o [4]
  Initializer bytes  const    0x00021a3a    0x57  <for P2-1>
                            - 0x00021a91  0x19d1

"P2", part 1 of 3:                         0x112
  P2-1                        0x20002400   0x112  <Init block>
    .data            inited   0x20002400    0x10  anttt.o [1]
    .data            inited   0x20002410    0x54  leds_anttt.o [1]
    .data            inited   0x20002464    0xa8  leds_anttt.o [1]
    .data            inited   0x2000250c     0x4  system_nrf51422.o [1]
    .data            inited   0x20002510     0x2  bleperipheral.o [1]
                            - 0x20002512   0x112

"P2", part 2 of 3:                          0xb4
  .bss               zero     0x20002514    0x64  ble_integration.o [1]
  .bss               zero     0x20002578    0x14  bleperipheral.o [1]
  .bss               zero     0x2000258c     0x8  bleperipheral.o [1]
  .bss               zero     0x20002594     0x8  bleperipheral_engenuics.o [1]
  .bss               zero     0x2000259c     0x8  bleperipheral_engenuics.o [1]
  .bss               zero     0x200025a4     0x4  anttt-ehdw-04.o [1]
  .bss               zero     0x200025a8     0x4  anttt-ehdw-04.o [1]
  .bss               zero     0x200025ac     0x4  anttt.o [1]
  .bss               zero     0x200025b0     0x4  anttt.o [1]
  .bss               zero     0x200025b4     0x4  bleperipheral_engenuics.o [1]
  .bss               zero     0x200025b8     0x4  main.o [1]
  .bss               zero     0x200025bc     0x2  anttt.o [1]
  .bss               zero     0x200025be     0x2  anttt.o [1]
  .bss               zero     0x200025c0     0x2  bleperipheral_engenuics.o [1]
  .bss               zero     0x200025c2     0x2  bleperipheral_engenuics.o [1]
  .bss               zero     0x200025c4     0x1  bleperipheral_engenuics.o [1]
  .bss               zero     0x200025c5     0x1  bleperipheral_engenuics.o [1]
                            - 0x200025c6    0xb2

"P2", part 3 of 3:                         0x800
  CSTACK                      0x200025c8   0x800  <Block>
    CSTACK           uninit   0x200025c8   0x800  <Block tail>
                            - 0x20002dc8   0x800


*******************************************************************************
*** INIT TABLE
***

          Address     Size
          -------     ----
Zero (__iar_zero_init3)
    1 destination range, total size 0xb2:
          0x20002514   0xb2

Copy/lz77 (__iar_lz77_init_single3)
    1 source range, total size 0x57 (31% of destination):
          0x00021a3a   0x57
    1 destination range, total size 0x112:
          0x20002400  0x112



*******************************************************************************
*** MODULE SUMMARY
***

    Module                     ro code  ro data  rw data
    ------                     -------  -------  -------
C:\Users\Vipin\Documents\GitHub\ANTTT\iar_7_20_1\Debug\Obj: [1]
    ant_integration.o               20
    anttt-ehdw-04.o                504                 8
    anttt.o                        628        5       28
    ble_advdata.o                1 654
    ble_integration.o               72               100
    bleperipheral.o                616       17       30
    bleperipheral_engenuics.o      952       16       26
    iar_startup_nrf51.o            288
    interrupts.o                   140
    leds_anttt.o                   664       96      252
    main.o                         118                 4
    soc_integration.o               76
    system_nrf51422.o              240        1        4
    ----------------------------------------------------
    Total:                       5 972      135      452

command line: [2]
    ----------------------------------------------------
    Total:

dl6M_tln.a: [3]
    exit.o                           8
    low_level_init.o                 4
    ----------------------------------------------------
    Total:                          12

rt6M_tl.a: [4]
    ABImemcpy.o                     92
    ABImemset.o                     80
    I32DivModFast.o                174
    IntDivZer.o                      2
    cexit.o                         10
    cmain.o                         26
    cstartup_M.o                    12
    data_init.o                     40
    lz77_init_single.o             130
    zero_init3.o                    64
    ----------------------------------------------------
    Total:                         630

shb_l.a: [5]
    exit.o                          20
    ----------------------------------------------------
    Total:                          20

    Linker created                           32    2 048
--------------------------------------------------------
    Grand Total:                 6 634      167    2 500


*******************************************************************************
*** ENTRY LIST
***

Entry                      Address   Size  Type      Object
-----                      -------   ----  ----      ------
.iar.init_table$$Base   0x00021970          --   Gb  - Linker created -
.iar.init_table$$Limit  0x00021990          --   Gb  - Linker created -
?main                   0x00021991         Code  Gb  cmain.o [4]
ANTIntegrationHandler   0x0002118f    0x2  Code  Gb  ant_integration.o [1]
ANTIntegrationInitialize
                        0x0002117d   0x12  Code  Gb  ant_integration.o [1]
ANTT_SM                 0x200025ac    0x4  Data  Gb  anttt.o [1]
AntttInitialize         0x00021441   0x3a  Code  Gb  anttt.o [1]
AntttSM_Active          0x00021589   0x46  Code  Lc  anttt.o [1]
AntttSM_Gameover        0x000215cf   0xba  Code  Lc  anttt.o [1]
AntttSM_Idle            0x000214e7   0x24  Code  Lc  anttt.o [1]
AntttSM_Wait            0x0002150b   0x7e  Code  Lc  anttt.o [1]
Anttt_away_state        0x200025be    0x2  Data  Lc  anttt.o [1]
Anttt_home_state        0x200025bc    0x2  Data  Lc  anttt.o [1]
Anttt_is_game_over      0x0002147b   0x6c  Code  Lc  anttt.o [1]
Anttt_rx_data           0x200025b0    0x4  Data  Lc  anttt.o [1]
BLEIntegrationHandler   0x00021195   0x1c  Code  Gb  ble_integration.o [1]
BLEIntegrationInitialize
                        0x00021191    0x4  Code  Gb  ble_integration.o [1]
BLEIntegration_get_buffer
                        0x000211b1   0x24  Code  Lc  ble_integration.o [1]
BPEngenuicsAddRxCharacteristic
                        0x00020903   0xe0  Code  Lc  bleperipheral_engenuics.o [1]
BPEngenuicsAddService   0x000208d3   0x30  Code  Lc  bleperipheral_engenuics.o [1]
BPEngenuicsAddTxCharacteristic
                        0x000209f1  0x13c  Code  Lc  bleperipheral_engenuics.o [1]
BPEngenuicsInitialize   0x00020819   0x30  Code  Gb  bleperipheral_engenuics.o [1]
BPEngenuicsOnConnect    0x00020849   0x14  Code  Gb  bleperipheral_engenuics.o [1]
BPEngenuicsOnDisconnect
                        0x0002085d   0x14  Code  Gb  bleperipheral_engenuics.o [1]
BPEngenuicsOnWrite      0x00020871   0x62  Code  Gb  bleperipheral_engenuics.o [1]
BPEngenuicsSendData     0x000207b5   0x64  Code  Gb  bleperipheral_engenuics.o [1]
CSTACK$$Base            0x200025c8          --   Gb  - Linker created -
CSTACK$$Limit           0x20002dc8          --   Gb  - Linker created -
ClockSetup              0x00020cd3   0x5e  Code  Gb  anttt-ehdw-04.o [1]
G_u32BPEngenuicsFlags   0x200025b4    0x4  Data  Gb  bleperipheral_engenuics.o [1]
G_u32SystemFlags        0x200025b8    0x4  Data  Gb  main.o [1]
G_u32SystemTime1ms      0x200025a4    0x4  Data  Gb  anttt-ehdw-04.o [1]
G_u32SystemTime1s       0x200025a8    0x4  Data  Gb  anttt-ehdw-04.o [1]
GpioSetup               0x00020c17   0xbc  Code  Gb  anttt-ehdw-04.o [1]
HardFault_Handler       0x00020e8d    0x4  Code  Gb  interrupts.o [1]
InterruptsInitialize    0x00020e59   0x34  Code  Gb  interrupts.o [1]
LedInitialize           0x00020f77   0x80  Code  Gb  leds_anttt.o [1]
LedOff                  0x00020f23   0x3e  Code  Gb  leds_anttt.o [1]
LedOn                   0x00020ee5   0x3e  Code  Gb  leds_anttt.o [1]
LedToggle               0x00020f61   0x16  Code  Gb  leds_anttt.o [1]
LedUpdate               0x00020ff7  0x15c  Code  Gb  leds_anttt.o [1]
Led_au32BitPositions    0x20002410   0x54  Data  Lc  leds_anttt.o [1]
Leds_asLedArray         0x20002464   0xa8  Data  Lc  leds_anttt.o [1]
RTC1_IRQHandler         0x00020e95   0x2e  Code  Gb  interrupts.o [1]
Region$$Table$$Base     0x00021970          --   Gb  - Linker created -
Region$$Table$$Limit    0x00021990          --   Gb  - Linker created -
SWI2_IRQHandler         0x00020ec3   0x10  Code  Gb  interrupts.o [1]
SocIntegrationHandler   0x00020e27   0x20  Code  Gb  soc_integration.o [1]
SocIntegrationInitialize
                        0x00020e0d   0x1a  Code  Gb  soc_integration.o [1]
SysTickSetup            0x00020d31   0x26  Code  Gb  anttt-ehdw-04.o [1]
SystemCoreClock         0x2000250c    0x4  Data  Gb  system_nrf51422.o [1]
SystemInit              0x00021769   0x28  Code  Gb  system_nrf51422.o [1]
SystemSleep             0x00020e09    0x4  Code  Gb  anttt-ehdw-04.o [1]
TIMER1_IRQHandler       0x00020e91    0x4  Code  Gb  interrupts.o [1]
WatchDogSetup           0x00020c15    0x2  Code  Gb  anttt-ehdw-04.o [1]
__Vectors               0x00020000          --   Gb  iar_startup_nrf51.o [1]
__Vectors_End           0x000200c0         Data  Gb  iar_startup_nrf51.o [1]
__Vectors_Size {Abs}    0x000000c0          --   Gb  iar_startup_nrf51.o [1]
__aeabi_idiv0           0x00021765         Code  Gb  IntDivZer.o [4]
__aeabi_memcpy          0x00020739         Code  Gb  ABImemcpy.o [4]
__aeabi_memcpy4         0x00020761         Code  Wk  ABImemcpy.o [4]
__aeabi_memset          0x00020b4d         Code  Gb  ABImemset.o [4]
__aeabi_uidiv           0x000216b5         Code  Gb  I32DivModFast.o [4]
__aeabi_uidivmod        0x000216b5         Code  Gb  I32DivModFast.o [4]
__cmain                 0x00021991         Code  Gb  cmain.o [4]
__exit                  0x000219c5   0x14  Code  Gb  exit.o [5]
__iar_Memset4_word      0x00020b6d         Code  Gb  ABImemset.o [4]
__iar_Memset_word       0x00020b59         Code  Gb  ABImemset.o [4]
__iar_data_init3        0x00021949   0x28  Code  Gb  data_init.o [4]
__iar_lz77_init_single3
                        0x00021859   0x82  Code  Gb  lz77_init_single.o [4]
__iar_program_start     0x000219e9         Code  Gb  cstartup_M.o [4]
__iar_systems$$module {Abs}
                        0x00000001         Data  Gb  command line/config [2]
__iar_zero_init3        0x000218db   0x40  Code  Gb  zero_init3.o [4]
__low_level_init        0x000219ab    0x4  Code  Gb  low_level_init.o [3]
__vector_table          0x00020000         Data  Gb  iar_startup_nrf51.o [1]
_call_main              0x0002199d         Code  Gb  cmain.o [4]
_exit                   0x000219b9         Code  Gb  cexit.o [4]
_main                   0x000219a7         Code  Gb  cmain.o [4]
adv_data_encode         0x00020555  0x12e  Code  Lc  ble_advdata.o [1]
advdata_check           0x00020683   0x20  Code  Lc  ble_advdata.o [1]
appearance_encode       0x0002016b   0x54  Code  Lc  ble_advdata.o [1]
ble_advdata_set         0x000206b5   0x82  Code  Gb  ble_advdata.o [1]
ble_srv_is_notification_enabled
                        0x000207a1   0x14  Code  Lc  bleperipheral_engenuics.o [1]
bleperipheralEventHandler
                        0x0002122d   0x74  Code  Gb  bleperipheral.o [1]
bleperipheralInitialize
                        0x000211d9   0x54  Code  Gb  bleperipheral.o [1]
bleperipheral_advertising_init
                        0x0002131d   0x9a  Code  Lc  bleperipheral.o [1]
bleperipheral_advertising_start
                        0x000213c9   0x14  Code  Lc  bleperipheral.o [1]
bleperipheral_gap_params_init
                        0x000212a1   0x7c  Code  Lc  bleperipheral.o [1]
bleperipheral_sec_params_init
                        0x000213dd   0x48  Code  Lc  bleperipheral.o [1]
bleperipheral_services_init
                        0x000213b7   0x12  Code  Lc  bleperipheral.o [1]
callback_bleperipheral_engenuics_data_rx
                        0x00020c11    0x2  Code  Gb  main.o [1]
conn_handle             0x200025c2    0x2  Data  Lc  bleperipheral_engenuics.o [1]
conn_int_check          0x00020369   0x58  Code  Lc  ble_advdata.o [1]
conn_int_encode         0x000203c9   0x64  Code  Lc  ble_advdata.o [1]
exit                    0x000219af    0x8  Code  Gb  exit.o [3]
is_disabled_in_debug_needed
                        0x00021801   0x38  Code  Lc  system_nrf51422.o [1]
is_manual_peripheral_setup_needed
                        0x00021791   0x70  Code  Lc  system_nrf51422.o [1]
is_notification_enabled
                        0x200025c5    0x1  Data  Lc  bleperipheral_engenuics.o [1]
m_adv_params            0x20002578   0x14  Data  Lc  bleperipheral.o [1]
m_conn_handle           0x20002510    0x2  Data  Lc  bleperipheral.o [1]
m_evt_buffer            0x20002514   0x64  Data  Lc  ble_integration.o [1]
m_sec_params            0x2000258c    0x8  Data  Lc  bleperipheral.o [1]
main                    0x00020b9d   0x6a  Code  Gb  main.o [1]
manuf_specific_data_encode
                        0x0002042d   0x84  Code  Lc  ble_advdata.o [1]
name_encode             0x000200d3   0x98  Code  Lc  ble_advdata.o [1]
rx_handles              0x2000259c    0x8  Data  Lc  bleperipheral_engenuics.o [1]
service_data_encode     0x000204b1   0xa4  Code  Lc  ble_advdata.o [1]
service_handle          0x200025c0    0x2  Data  Lc  bleperipheral_engenuics.o [1]
softdevice_assert_callback
                        0x00020e55    0x4  Code  Lc  soc_integration.o [1]
srdata_check            0x000206a3   0x12  Code  Lc  ble_advdata.o [1]
tx_handles              0x20002594    0x8  Data  Lc  bleperipheral_engenuics.o [1]
tx_power_level_encode   0x00020225   0x3c  Code  Lc  ble_advdata.o [1]
uint16_decode           0x00020795    0xc  Code  Lc  bleperipheral_engenuics.o [1]
uint16_encode           0x000200c1   0x12  Code  Lc  ble_advdata.o [1]
uint8_array_encode      0x000201bf   0x66  Code  Lc  ble_advdata.o [1]
uuid_list_encode        0x00020329   0x40  Code  Lc  ble_advdata.o [1]
uuid_list_sized_encode  0x00020261   0xc8  Code  Lc  ble_advdata.o [1]
uuid_type               0x200025c4    0x1  Data  Lc  bleperipheral_engenuics.o [1]
winning_combos          0x20002400   0x10  Data  Gb  anttt.o [1]


[1] = C:\Users\Vipin\Documents\GitHub\ANTTT\iar_7_20_1\Debug\Obj
[2] = command line
[3] = dl6M_tln.a
[4] = rt6M_tl.a
[5] = shb_l.a

  6 634 bytes of readonly  code memory
    167 bytes of readonly  data memory
  2 500 bytes of readwrite data memory

Errors: none
Warnings: none
