###############################################################################
#
# IAR ELF Linker V8.11.2.13589/W32 for ARM                26/Dec/2017  14:53:05
# Copyright 2007-2017 IAR Systems AB.
#
#    Output file  =  
#        C:\Users\Vipin\Documents\GitHub\ANTTT\iar_7_20_1\Debug\Exe\mpg51-SD3-SDK4-efwm-01.out
#    Map file     =  
#        C:\Users\Vipin\Documents\GitHub\ANTTT\iar_7_20_1\Debug\List\mpg51-SD3-SDK4-efwm-01.map
#    Command line =  
#        -f C:\Users\Vipin\AppData\Local\Temp\EWD5CC.tmp
#        (C:\Users\Vipin\Documents\GitHub\ANTTT\iar_7_20_1\Debug\Obj\ant_integration.o
#        C:\Users\Vipin\Documents\GitHub\ANTTT\iar_7_20_1\Debug\Obj\anttt-ehdw-04.o
#        C:\Users\Vipin\Documents\GitHub\ANTTT\iar_7_20_1\Debug\Obj\anttt.o
#        C:\Users\Vipin\Documents\GitHub\ANTTT\iar_7_20_1\Debug\Obj\ble_advdata.o
#        C:\Users\Vipin\Documents\GitHub\ANTTT\iar_7_20_1\Debug\Obj\ble_advdata_parser.o
#        C:\Users\Vipin\Documents\GitHub\ANTTT\iar_7_20_1\Debug\Obj\ble_integration.o
#        C:\Users\Vipin\Documents\GitHub\ANTTT\iar_7_20_1\Debug\Obj\bleperipheral.o
#        C:\Users\Vipin\Documents\GitHub\ANTTT\iar_7_20_1\Debug\Obj\bleperipheral_engenuics.o
#        C:\Users\Vipin\Documents\GitHub\ANTTT\iar_7_20_1\Debug\Obj\iar_startup_nrf51.o
#        C:\Users\Vipin\Documents\GitHub\ANTTT\iar_7_20_1\Debug\Obj\interrupts.o
#        C:\Users\Vipin\Documents\GitHub\ANTTT\iar_7_20_1\Debug\Obj\leds_anttt.o
#        C:\Users\Vipin\Documents\GitHub\ANTTT\iar_7_20_1\Debug\Obj\main.o
#        C:\Users\Vipin\Documents\GitHub\ANTTT\iar_7_20_1\Debug\Obj\soc_integration.o
#        C:\Users\Vipin\Documents\GitHub\ANTTT\iar_7_20_1\Debug\Obj\system_nrf51422.o
#        C:\Users\Vipin\Documents\GitHub\ANTTT\iar_7_20_1\Debug\Obj\utilities.o
#        --redirect _Printf=_PrintfTiny --redirect _Scanf=_ScanfSmallNoMb -o
#        C:\Users\Vipin\Documents\GitHub\ANTTT\iar_7_20_1\Debug\Exe\mpg51-SD3-SDK4-efwm-01.out
#        --map
#        C:\Users\Vipin\Documents\GitHub\ANTTT\iar_7_20_1\Debug\List\mpg51-SD3-SDK4-efwm-01.map
#        --config
#        C:\Users\Vipin\Documents\GitHub\ANTTT\iar_7_20_1\..\nordic_sdk4_2_2\Source\nRF51422_QFAA.icf
#        --semihosting --entry __iar_program_start --vfe --text_out locale)
#
###############################################################################

*******************************************************************************
*** RUNTIME MODEL ATTRIBUTES
***

CppFlavor       = *
__SystemLibrary = DLib
__dlib_version  = 6


*******************************************************************************
*** HEAP SELECTION
***

The basic heap was selected because some modules are built with
size limitations (and not runtime checking), and --advanced_heap
was not specified.


*******************************************************************************
*** PLACEMENT SUMMARY
***

"A0":  place at 0x00020000 { ro section .intvec };
"P1":  place in [from 0x00020000 to 0x0003ffff] { ro };
define block CSTACK with size = 2K, alignment = 8 { };
define block HEAP with size = 2K, alignment = 8 { };
"P2":  place in [from 0x20002400 to 0x20003fff] {
          rw, block CSTACK, block HEAP };
initialize by copy { rw };
keep { section .intvec };

  Section            Kind        Address    Size  Object
  -------            ----        -------    ----  ------
"A0":                                       0xc0
  .intvec            ro code  0x00020000    0xc0  iar_startup_nrf51.o [1]
                            - 0x000200c0    0xc0

"P1":                                     0x1695
  .text              ro code  0x000200c0   0x676  ble_advdata.o [1]
  .text              ro code  0x00020736     0x2  iar_startup_nrf51.o [1]
  .text              ro code  0x00020738    0x5c  ABImemcpy.o [4]
  .text              ro code  0x00020794   0x31c  bleperipheral_engenuics.o [1]
  .text              ro code  0x00020ab0    0x76  main.o [1]
  .text              ro code  0x00020b26     0x2  iar_startup_nrf51.o [1]
  .text              ro code  0x00020b28    0x50  ABImemset.o [4]
  .text              ro code  0x00020b78   0x1f8  anttt-ehdw-04.o [1]
  .text              ro code  0x00020d70    0x4c  soc_integration.o [1]
  .text              ro code  0x00020dbc    0x8c  interrupts.o [1]
  .text              ro code  0x00020e48   0x260  leds_anttt.o [1]
  .text              ro code  0x000210a8    0x14  ant_integration.o [1]
  .text              ro code  0x000210bc    0x48  ble_integration.o [1]
  .text              ro code  0x00021104   0x270  bleperipheral.o [1]
  .text              ro code  0x00021374    0x12  anttt.o [1]
  .text              ro code  0x00021386    0xae  I32DivModFast.o [4]
  .text              ro code  0x00021434     0x2  IntDivZer.o [4]
  .text              ro code  0x00021436     0x2  iar_startup_nrf51.o [1]
  .text              ro code  0x00021438    0xf0  system_nrf51422.o [1]
  .text              ro code  0x00021528    0x82  lz77_init_single.o [4]
  .text              ro code  0x000215aa    0x40  zero_init3.o [4]
  .text              ro code  0x000215ea     0x2  iar_startup_nrf51.o [1]
  .text              ro code  0x000215ec    0x2c  iar_startup_nrf51.o [1]
  .text              ro code  0x00021618    0x28  data_init.o [4]
  .iar.init_table    const    0x00021640    0x20  - Linker created -
  .text              ro code  0x00021660    0x1a  cmain.o [4]
  .text              ro code  0x0002167a     0x4  low_level_init.o [3]
  .text              ro code  0x0002167e     0x8  exit.o [3]
  .text              ro code  0x00021686     0x2  iar_startup_nrf51.o [1]
  .text              ro code  0x00021688     0xa  cexit.o [4]
  .text              ro code  0x00021692     0x2  iar_startup_nrf51.o [1]
  .text              ro code  0x00021694    0x14  exit.o [5]
  .rodata            const    0x000216a8    0x10  bleperipheral_engenuics.o [1]
  .text              ro code  0x000216b8     0xc  cstartup_M.o [4]
  .rodata            const    0x000216c4     0x8  bleperipheral.o [1]
  .rodata            const    0x000216cc     0x8  bleperipheral.o [1]
  .rodata            const    0x000216d4     0x8  leds_anttt.o [1]
  .rodata            const    0x000216dc     0x8  leds_anttt.o [1]
  .text              ro code  0x000216e4     0x2  iar_startup_nrf51.o [1]
  .text              ro code  0x000216e6     0x2  iar_startup_nrf51.o [1]
  .text              ro code  0x000216e8     0x2  iar_startup_nrf51.o [1]
  .text              ro code  0x000216ea     0x2  iar_startup_nrf51.o [1]
  .text              ro code  0x000216ec     0x2  iar_startup_nrf51.o [1]
  .text              ro code  0x000216ee     0x2  iar_startup_nrf51.o [1]
  .text              ro code  0x000216f0     0x2  iar_startup_nrf51.o [1]
  .text              ro code  0x000216f2     0x2  iar_startup_nrf51.o [1]
  .text              ro code  0x000216f4     0x2  iar_startup_nrf51.o [1]
  .text              ro code  0x000216f6     0x2  iar_startup_nrf51.o [1]
  .text              ro code  0x000216f8     0x2  iar_startup_nrf51.o [1]
  .text              ro code  0x000216fa     0x2  iar_startup_nrf51.o [1]
  .text              ro code  0x000216fc     0x2  iar_startup_nrf51.o [1]
  .text              ro code  0x000216fe     0x2  iar_startup_nrf51.o [1]
  .text              ro code  0x00021700     0x2  iar_startup_nrf51.o [1]
  .text              ro code  0x00021702     0x2  iar_startup_nrf51.o [1]
  .text              ro code  0x00021704     0x2  iar_startup_nrf51.o [1]
  .text              ro code  0x00021706     0x2  iar_startup_nrf51.o [1]
  .text              ro code  0x00021708     0x2  iar_startup_nrf51.o [1]
  .text              ro code  0x0002170a     0x2  iar_startup_nrf51.o [1]
  .rodata            const    0x0002170c     0x0  zero_init3.o [4]
  .rodata            const    0x0002170c     0x0  lz77_init_single.o [4]
  Initializer bytes  const    0x0002170c    0x49  <for P2-1>
                            - 0x00021755  0x1695

"P2", part 1 of 3:                         0x102
  P2-1                        0x20002400   0x102  <Init block>
    .data            inited   0x20002400    0x54  leds_anttt.o [1]
    .data            inited   0x20002454    0xa8  leds_anttt.o [1]
    .data            inited   0x200024fc     0x4  system_nrf51422.o [1]
    .data            inited   0x20002500     0x2  bleperipheral.o [1]
                            - 0x20002502   0x102

"P2", part 2 of 3:                          0xa8
  .bss               zero     0x20002504    0x64  ble_integration.o [1]
  .bss               zero     0x20002568    0x14  bleperipheral.o [1]
  .bss               zero     0x2000257c     0x8  bleperipheral.o [1]
  .bss               zero     0x20002584     0x8  bleperipheral_engenuics.o [1]
  .bss               zero     0x2000258c     0x8  bleperipheral_engenuics.o [1]
  .bss               zero     0x20002594     0x4  anttt-ehdw-04.o [1]
  .bss               zero     0x20002598     0x4  anttt-ehdw-04.o [1]
  .bss               zero     0x2000259c     0x4  anttt.o [1]
  .bss               zero     0x200025a0     0x4  main.o [1]
  .bss               zero     0x200025a4     0x2  bleperipheral_engenuics.o [1]
  .bss               zero     0x200025a6     0x2  bleperipheral_engenuics.o [1]
  .bss               zero     0x200025a8     0x1  bleperipheral_engenuics.o [1]
  .bss               zero     0x200025a9     0x1  bleperipheral_engenuics.o [1]
                            - 0x200025aa    0xa6

"P2", part 3 of 3:                         0x800
  CSTACK                      0x200025b0   0x800  <Block>
    CSTACK           uninit   0x200025b0   0x800  <Block tail>
                            - 0x20002db0   0x800


*******************************************************************************
*** INIT TABLE
***

          Address     Size
          -------     ----
Zero (__iar_zero_init3)
    1 destination range, total size 0xa6:
          0x20002504   0xa6

Copy/lz77 (__iar_lz77_init_single3)
    1 source range, total size 0x49 (28% of destination):
          0x0002170c   0x49
    1 destination range, total size 0x102:
          0x20002400  0x102



*******************************************************************************
*** MODULE SUMMARY
***

    Module                     ro code  ro data  rw data
    ------                     -------  -------  -------
C:\Users\Vipin\Documents\GitHub\ANTTT\iar_7_20_1\Debug\Obj: [1]
    ant_integration.o               20
    anttt-ehdw-04.o                504                 8
    anttt.o                         18                 4
    ble_advdata.o                1 654
    ble_integration.o               72               100
    bleperipheral.o                624       17       30
    bleperipheral_engenuics.o      796       16       22
    iar_startup_nrf51.o            288
    interrupts.o                   140
    leds_anttt.o                   608       87      252
    main.o                         118                 4
    soc_integration.o               76
    system_nrf51422.o              240        1        4
    ----------------------------------------------------
    Total:                       5 158      121      424

command line: [2]
    ----------------------------------------------------
    Total:

dl6M_tln.a: [3]
    exit.o                           8
    low_level_init.o                 4
    ----------------------------------------------------
    Total:                          12

rt6M_tl.a: [4]
    ABImemcpy.o                     92
    ABImemset.o                     80
    I32DivModFast.o                174
    IntDivZer.o                      2
    cexit.o                         10
    cmain.o                         26
    cstartup_M.o                    12
    data_init.o                     40
    lz77_init_single.o             130
    zero_init3.o                    64
    ----------------------------------------------------
    Total:                         630

shb_l.a: [5]
    exit.o                          20
    ----------------------------------------------------
    Total:                          20

    Linker created                           32    2 048
--------------------------------------------------------
    Grand Total:                 5 820      153    2 472


*******************************************************************************
*** ENTRY LIST
***

Entry                      Address   Size  Type      Object
-----                      -------   ----  ----      ------
.iar.init_table$$Base   0x00021640          --   Gb  - Linker created -
.iar.init_table$$Limit  0x00021660          --   Gb  - Linker created -
?main                   0x00021661         Code  Gb  cmain.o [4]
ANTIntegrationHandler   0x000210bb    0x2  Code  Gb  ant_integration.o [1]
ANTIntegrationInitialize
                        0x000210a9   0x12  Code  Gb  ant_integration.o [1]
ANTT_SM                 0x2000259c    0x4  Data  Gb  anttt.o [1]
AntttInitialize         0x00021375    0x8  Code  Gb  anttt.o [1]
AntttSM_Idle            0x00021385    0x2  Code  Lc  anttt.o [1]
BLEIntegrationHandler   0x000210c1   0x1c  Code  Gb  ble_integration.o [1]
BLEIntegrationInitialize
                        0x000210bd    0x4  Code  Gb  ble_integration.o [1]
BLEIntegration_get_buffer
                        0x000210dd   0x24  Code  Lc  ble_integration.o [1]
BPEngenuicsAddRxCharacteristic
                        0x0002086f   0xe0  Code  Lc  bleperipheral_engenuics.o [1]
BPEngenuicsAddService   0x0002083f   0x30  Code  Lc  bleperipheral_engenuics.o [1]
BPEngenuicsAddTxCharacteristic
                        0x00020959  0x13c  Code  Lc  bleperipheral_engenuics.o [1]
BPEngenuicsInitialize   0x000207b5   0x30  Code  Gb  bleperipheral_engenuics.o [1]
BPEngenuicsOnConnect    0x000207e5    0x8  Code  Gb  bleperipheral_engenuics.o [1]
BPEngenuicsOnDisconnect
                        0x000207ed    0x8  Code  Gb  bleperipheral_engenuics.o [1]
BPEngenuicsOnWrite      0x000207f5   0x4a  Code  Gb  bleperipheral_engenuics.o [1]
CSTACK$$Base            0x200025b0          --   Gb  - Linker created -
CSTACK$$Limit           0x20002db0          --   Gb  - Linker created -
ClockSetup              0x00020c37   0x5e  Code  Gb  anttt-ehdw-04.o [1]
G_u32SystemFlags        0x200025a0    0x4  Data  Gb  main.o [1]
G_u32SystemTime1ms      0x20002594    0x4  Data  Gb  anttt-ehdw-04.o [1]
G_u32SystemTime1s       0x20002598    0x4  Data  Gb  anttt-ehdw-04.o [1]
GpioSetup               0x00020b7b   0xbc  Code  Gb  anttt-ehdw-04.o [1]
HardFault_Handler       0x00020df1    0x4  Code  Gb  interrupts.o [1]
InterruptsInitialize    0x00020dbd   0x34  Code  Gb  interrupts.o [1]
LedInitialize           0x00020edb   0x4e  Code  Gb  leds_anttt.o [1]
LedOff                  0x00020e87   0x3e  Code  Gb  leds_anttt.o [1]
LedOn                   0x00020e49   0x3e  Code  Gb  leds_anttt.o [1]
LedToggle               0x00020ec5   0x16  Code  Gb  leds_anttt.o [1]
LedUpdate               0x00020f29  0x15c  Code  Gb  leds_anttt.o [1]
Led_au32BitPositions    0x20002400   0x54  Data  Lc  leds_anttt.o [1]
Leds_asLedArray         0x20002454   0xa8  Data  Lc  leds_anttt.o [1]
RTC1_IRQHandler         0x00020df9   0x2e  Code  Gb  interrupts.o [1]
Region$$Table$$Base     0x00021640          --   Gb  - Linker created -
Region$$Table$$Limit    0x00021660          --   Gb  - Linker created -
SWI2_IRQHandler         0x00020e27   0x10  Code  Gb  interrupts.o [1]
SocIntegrationHandler   0x00020d8b   0x20  Code  Gb  soc_integration.o [1]
SocIntegrationInitialize
                        0x00020d71   0x1a  Code  Gb  soc_integration.o [1]
SysTickSetup            0x00020c95   0x26  Code  Gb  anttt-ehdw-04.o [1]
SystemCoreClock         0x200024fc    0x4  Data  Gb  system_nrf51422.o [1]
SystemInit              0x00021439   0x28  Code  Gb  system_nrf51422.o [1]
SystemSleep             0x00020d6d    0x4  Code  Gb  anttt-ehdw-04.o [1]
TIMER1_IRQHandler       0x00020df5    0x4  Code  Gb  interrupts.o [1]
WatchDogSetup           0x00020b79    0x2  Code  Gb  anttt-ehdw-04.o [1]
__Vectors               0x00020000          --   Gb  iar_startup_nrf51.o [1]
__Vectors_End           0x000200c0         Data  Gb  iar_startup_nrf51.o [1]
__Vectors_Size {Abs}    0x000000c0          --   Gb  iar_startup_nrf51.o [1]
__aeabi_idiv0           0x00021435         Code  Gb  IntDivZer.o [4]
__aeabi_memcpy          0x00020739         Code  Gb  ABImemcpy.o [4]
__aeabi_memcpy4         0x00020761         Code  Wk  ABImemcpy.o [4]
__aeabi_memset          0x00020b29         Code  Gb  ABImemset.o [4]
__aeabi_uidiv           0x00021387         Code  Gb  I32DivModFast.o [4]
__aeabi_uidivmod        0x00021387         Code  Gb  I32DivModFast.o [4]
__cmain                 0x00021661         Code  Gb  cmain.o [4]
__exit                  0x00021695   0x14  Code  Gb  exit.o [5]
__iar_Memset4_word      0x00020b49         Code  Gb  ABImemset.o [4]
__iar_Memset_word       0x00020b35         Code  Gb  ABImemset.o [4]
__iar_data_init3        0x00021619   0x28  Code  Gb  data_init.o [4]
__iar_lz77_init_single3
                        0x00021529   0x82  Code  Gb  lz77_init_single.o [4]
__iar_program_start     0x000216b9         Code  Gb  cstartup_M.o [4]
__iar_systems$$module {Abs}
                        0x00000001         Data  Gb  command line/config [2]
__iar_zero_init3        0x000215ab   0x40  Code  Gb  zero_init3.o [4]
__low_level_init        0x0002167b    0x4  Code  Gb  low_level_init.o [3]
__vector_table          0x00020000         Data  Gb  iar_startup_nrf51.o [1]
_call_main              0x0002166d         Code  Gb  cmain.o [4]
_exit                   0x00021689         Code  Gb  cexit.o [4]
_main                   0x00021677         Code  Gb  cmain.o [4]
adv_data_encode         0x00020555  0x12e  Code  Lc  ble_advdata.o [1]
advdata_check           0x00020683   0x20  Code  Lc  ble_advdata.o [1]
appearance_encode       0x0002016b   0x54  Code  Lc  ble_advdata.o [1]
ble_advdata_set         0x000206b5   0x82  Code  Gb  ble_advdata.o [1]
ble_srv_is_notification_enabled
                        0x000207a1   0x14  Code  Lc  bleperipheral_engenuics.o [1]
bleperipheralEventHandler
                        0x00021159   0x80  Code  Gb  bleperipheral.o [1]
bleperipheralInitialize
                        0x00021105   0x54  Code  Gb  bleperipheral.o [1]
bleperipheral_advertising_init
                        0x00021255   0x9a  Code  Lc  bleperipheral.o [1]
bleperipheral_advertising_start
                        0x00021301   0x14  Code  Lc  bleperipheral.o [1]
bleperipheral_gap_params_init
                        0x000211d9   0x7c  Code  Lc  bleperipheral.o [1]
bleperipheral_sec_params_init
                        0x00021315   0x48  Code  Lc  bleperipheral.o [1]
bleperipheral_services_init
                        0x000212ef   0x12  Code  Lc  bleperipheral.o [1]
callback_bleperipheral_engenuics_data_rx
                        0x00020b25    0x2  Code  Gb  main.o [1]
conn_handle             0x200025a6    0x2  Data  Lc  bleperipheral_engenuics.o [1]
conn_int_check          0x00020369   0x58  Code  Lc  ble_advdata.o [1]
conn_int_encode         0x000203c9   0x64  Code  Lc  ble_advdata.o [1]
exit                    0x0002167f    0x8  Code  Gb  exit.o [3]
is_disabled_in_debug_needed
                        0x000214d1   0x38  Code  Lc  system_nrf51422.o [1]
is_manual_peripheral_setup_needed
                        0x00021461   0x70  Code  Lc  system_nrf51422.o [1]
is_notification_enabled
                        0x200025a9    0x1  Data  Lc  bleperipheral_engenuics.o [1]
m_adv_params            0x20002568   0x14  Data  Lc  bleperipheral.o [1]
m_conn_handle           0x20002500    0x2  Data  Lc  bleperipheral.o [1]
m_evt_buffer            0x20002504   0x64  Data  Lc  ble_integration.o [1]
m_sec_params            0x2000257c    0x8  Data  Lc  bleperipheral.o [1]
main                    0x00020ab1   0x6a  Code  Gb  main.o [1]
manuf_specific_data_encode
                        0x0002042d   0x84  Code  Lc  ble_advdata.o [1]
name_encode             0x000200d3   0x98  Code  Lc  ble_advdata.o [1]
rx_handles              0x2000258c    0x8  Data  Lc  bleperipheral_engenuics.o [1]
service_data_encode     0x000204b1   0xa4  Code  Lc  ble_advdata.o [1]
service_handle          0x200025a4    0x2  Data  Lc  bleperipheral_engenuics.o [1]
softdevice_assert_callback
                        0x00020db9    0x4  Code  Lc  soc_integration.o [1]
srdata_check            0x000206a3   0x12  Code  Lc  ble_advdata.o [1]
tx_handles              0x20002584    0x8  Data  Lc  bleperipheral_engenuics.o [1]
tx_power_level_encode   0x00020225   0x3c  Code  Lc  ble_advdata.o [1]
uint16_decode           0x00020795    0xc  Code  Lc  bleperipheral_engenuics.o [1]
uint16_encode           0x000200c1   0x12  Code  Lc  ble_advdata.o [1]
uint8_array_encode      0x000201bf   0x66  Code  Lc  ble_advdata.o [1]
uuid_list_encode        0x00020329   0x40  Code  Lc  ble_advdata.o [1]
uuid_list_sized_encode  0x00020261   0xc8  Code  Lc  ble_advdata.o [1]
uuid_type               0x200025a8    0x1  Data  Lc  bleperipheral_engenuics.o [1]


[1] = C:\Users\Vipin\Documents\GitHub\ANTTT\iar_7_20_1\Debug\Obj
[2] = command line
[3] = dl6M_tln.a
[4] = rt6M_tl.a
[5] = shb_l.a

  5 820 bytes of readonly  code memory
    153 bytes of readonly  data memory
  2 472 bytes of readwrite data memory

Errors: none
Warnings: none
