###############################################################################
#
# IAR ELF Linker V8.11.2.13589/W32 for ARM                31/Dec/2017  15:46:00
# Copyright 2007-2017 IAR Systems AB.
#
#    Output file  =  
#        C:\Users\Vipin\Documents\GitHub\ANTTT\iar_7_20_1\Debug\Exe\mpg51-SD3-SDK4-efwm-01.out
#    Map file     =  
#        C:\Users\Vipin\Documents\GitHub\ANTTT\iar_7_20_1\Debug\List\mpg51-SD3-SDK4-efwm-01.map
#    Command line =  
#        -f C:\Users\Vipin\AppData\Local\Temp\EWFEE7.tmp
#        (C:\Users\Vipin\Documents\GitHub\ANTTT\iar_7_20_1\Debug\Obj\ant_integration.o
#        C:\Users\Vipin\Documents\GitHub\ANTTT\iar_7_20_1\Debug\Obj\anttt-ehdw-04.o
#        C:\Users\Vipin\Documents\GitHub\ANTTT\iar_7_20_1\Debug\Obj\anttt.o
#        C:\Users\Vipin\Documents\GitHub\ANTTT\iar_7_20_1\Debug\Obj\ble_advdata.o
#        C:\Users\Vipin\Documents\GitHub\ANTTT\iar_7_20_1\Debug\Obj\ble_advdata_parser.o
#        C:\Users\Vipin\Documents\GitHub\ANTTT\iar_7_20_1\Debug\Obj\ble_integration.o
#        C:\Users\Vipin\Documents\GitHub\ANTTT\iar_7_20_1\Debug\Obj\bleperipheral.o
#        C:\Users\Vipin\Documents\GitHub\ANTTT\iar_7_20_1\Debug\Obj\bleperipheral_engenuics.o
#        C:\Users\Vipin\Documents\GitHub\ANTTT\iar_7_20_1\Debug\Obj\buttons.o
#        C:\Users\Vipin\Documents\GitHub\ANTTT\iar_7_20_1\Debug\Obj\iar_startup_nrf51.o
#        C:\Users\Vipin\Documents\GitHub\ANTTT\iar_7_20_1\Debug\Obj\interrupts.o
#        C:\Users\Vipin\Documents\GitHub\ANTTT\iar_7_20_1\Debug\Obj\leds_anttt.o
#        C:\Users\Vipin\Documents\GitHub\ANTTT\iar_7_20_1\Debug\Obj\main.o
#        C:\Users\Vipin\Documents\GitHub\ANTTT\iar_7_20_1\Debug\Obj\soc_integration.o
#        C:\Users\Vipin\Documents\GitHub\ANTTT\iar_7_20_1\Debug\Obj\system_nrf51422.o
#        C:\Users\Vipin\Documents\GitHub\ANTTT\iar_7_20_1\Debug\Obj\utilities.o
#        --redirect _Printf=_PrintfTiny --redirect _Scanf=_ScanfSmallNoMb -o
#        C:\Users\Vipin\Documents\GitHub\ANTTT\iar_7_20_1\Debug\Exe\mpg51-SD3-SDK4-efwm-01.out
#        --map
#        C:\Users\Vipin\Documents\GitHub\ANTTT\iar_7_20_1\Debug\List\mpg51-SD3-SDK4-efwm-01.map
#        --config
#        C:\Users\Vipin\Documents\GitHub\ANTTT\iar_7_20_1\..\nordic_sdk4_2_2\Source\nRF51422_QFAA.icf
#        --semihosting --entry __iar_program_start --vfe --text_out locale)
#
###############################################################################

*******************************************************************************
*** RUNTIME MODEL ATTRIBUTES
***

CppFlavor       = *
__SystemLibrary = DLib
__dlib_version  = 6


*******************************************************************************
*** HEAP SELECTION
***

The basic heap was selected because some modules are built with
size limitations (and not runtime checking), and --advanced_heap
was not specified.


*******************************************************************************
*** PLACEMENT SUMMARY
***

"A0":  place at 0x00020000 { ro section .intvec };
"P1":  place in [from 0x00020000 to 0x0003ffff] { ro };
define block CSTACK with size = 2K, alignment = 8 { };
define block HEAP with size = 2K, alignment = 8 { };
"P2":  place in [from 0x20002400 to 0x20003fff] {
          rw, block CSTACK, block HEAP };
initialize by copy { rw };
keep { section .intvec };

  Section            Kind        Address    Size  Object
  -------            ----        -------    ----  ------
"A0":                                       0xc0
  .intvec            ro code  0x00020000    0xc0  iar_startup_nrf51.o [1]
                            - 0x000200c0    0xc0

"P1":                                     0x2025
  .text              ro code  0x000200c0   0x676  ble_advdata.o [1]
  .text              ro code  0x00020736     0x2  iar_startup_nrf51.o [1]
  .text              ro code  0x00020738    0x5c  ABImemcpy.o [4]
  .text              ro code  0x00020794   0x4bc  anttt.o [1]
  .text              ro code  0x00020c50   0x298  leds_anttt.o [1]
  .text              ro code  0x00020ee8   0x228  anttt-ehdw-04.o [1]
  .text              ro code  0x00021110    0x50  ABImemset.o [4]
  .text              ro code  0x00021160   0x2e8  buttons.o [1]
  .text              ro code  0x00021448   0x3b8  bleperipheral_engenuics.o [1]
  .text              ro code  0x00021800    0xe0  I32DivModFast.o [4]
  .text              ro code  0x000218e0    0x38  utilities.o [1]
  .text              ro code  0x00021918    0x8e  main.o [1]
  .text              ro code  0x000219a6     0x2  iar_startup_nrf51.o [1]
  .text              ro code  0x000219a8     0x2  IntDivZer.o [4]
  .text              ro code  0x000219aa     0x2  iar_startup_nrf51.o [1]
  .text              ro code  0x000219ac    0x4c  soc_integration.o [1]
  .text              ro code  0x000219f8   0x100  interrupts.o [1]
  .text              ro code  0x00021af8    0x14  ant_integration.o [1]
  .text              ro code  0x00021b0c    0x48  ble_integration.o [1]
  .text              ro code  0x00021b54   0x268  bleperipheral.o [1]
  .text              ro code  0x00021dbc    0xf0  system_nrf51422.o [1]
  .text              ro code  0x00021eac    0x82  lz77_init_single.o [4]
  .text              ro code  0x00021f2e    0x40  zero_init3.o [4]
  .text              ro code  0x00021f6e     0x2  iar_startup_nrf51.o [1]
  .text              ro code  0x00021f70    0x2c  iar_startup_nrf51.o [1]
  .text              ro code  0x00021f9c    0x28  data_init.o [4]
  .iar.init_table    const    0x00021fc4    0x20  - Linker created -
  .text              ro code  0x00021fe4    0x1a  cmain.o [4]
  .text              ro code  0x00021ffe     0x4  low_level_init.o [3]
  .text              ro code  0x00022002     0x8  exit.o [3]
  .text              ro code  0x0002200a     0x2  iar_startup_nrf51.o [1]
  .text              ro code  0x0002200c     0xa  cexit.o [4]
  .text              ro code  0x00022016     0x2  iar_startup_nrf51.o [1]
  .text              ro code  0x00022018    0x14  exit.o [5]
  .rodata            const    0x0002202c    0x10  bleperipheral_engenuics.o [1]
  .text              ro code  0x0002203c     0xc  cstartup_M.o [4]
  .rodata            const    0x00022048     0x8  bleperipheral.o [1]
  .rodata            const    0x00022050     0x8  bleperipheral.o [1]
  .rodata            const    0x00022058     0x8  leds_anttt.o [1]
  .rodata            const    0x00022060     0x8  leds_anttt.o [1]
  .text              ro code  0x00022068     0x2  iar_startup_nrf51.o [1]
  .text              ro code  0x0002206a     0x2  iar_startup_nrf51.o [1]
  .text              ro code  0x0002206c     0x2  iar_startup_nrf51.o [1]
  .text              ro code  0x0002206e     0x2  iar_startup_nrf51.o [1]
  .text              ro code  0x00022070     0x2  iar_startup_nrf51.o [1]
  .text              ro code  0x00022072     0x2  iar_startup_nrf51.o [1]
  .text              ro code  0x00022074     0x2  iar_startup_nrf51.o [1]
  .text              ro code  0x00022076     0x2  iar_startup_nrf51.o [1]
  .text              ro code  0x00022078     0x2  iar_startup_nrf51.o [1]
  .text              ro code  0x0002207a     0x2  iar_startup_nrf51.o [1]
  .text              ro code  0x0002207c     0x2  iar_startup_nrf51.o [1]
  .text              ro code  0x0002207e     0x2  iar_startup_nrf51.o [1]
  .text              ro code  0x00022080     0x2  iar_startup_nrf51.o [1]
  .text              ro code  0x00022082     0x2  iar_startup_nrf51.o [1]
  .text              ro code  0x00022084     0x2  iar_startup_nrf51.o [1]
  .text              ro code  0x00022086     0x2  iar_startup_nrf51.o [1]
  .text              ro code  0x00022088     0x2  iar_startup_nrf51.o [1]
  .text              ro code  0x0002208a     0x2  iar_startup_nrf51.o [1]
  .text              ro code  0x0002208c     0x2  iar_startup_nrf51.o [1]
  .rodata            const    0x0002208e     0x0  zero_init3.o [4]
  .rodata            const    0x0002208e     0x0  lz77_init_single.o [4]
  Initializer bytes  const    0x0002208e    0x57  <for P2-1>
                            - 0x000220e5  0x2025

"P2", part 1 of 3:                         0x112
  P2-1                        0x20002400   0x112  <Init block>
    .data            inited   0x20002400    0x10  anttt.o [1]
    .data            inited   0x20002410    0x54  leds_anttt.o [1]
    .data            inited   0x20002464    0xa8  leds_anttt.o [1]
    .data            inited   0x2000250c     0x4  system_nrf51422.o [1]
    .data            inited   0x20002510     0x2  bleperipheral.o [1]
                            - 0x20002512   0x112

"P2", part 2 of 3:                         0x130
  .bss               zero     0x20002514    0x64  ble_integration.o [1]
  .bss               zero     0x20002578    0x24  buttons.o [1]
  .bss               zero     0x2000259c    0x24  buttons.o [1]
  .bss               zero     0x200025c0    0x14  bleperipheral.o [1]
  .bss               zero     0x200025d4     0xc  buttons.o [1]
  .bss               zero     0x200025e0     0xc  buttons.o [1]
  .bss               zero     0x200025ec     0xc  buttons.o [1]
  .bss               zero     0x200025f8     0xc  buttons.o [1]
  .bss               zero     0x20002604     0x8  bleperipheral.o [1]
  .bss               zero     0x2000260c     0x8  bleperipheral_engenuics.o [1]
  .bss               zero     0x20002614     0x8  bleperipheral_engenuics.o [1]
  .bss               zero     0x2000261c     0x4  anttt-ehdw-04.o [1]
  .bss               zero     0x20002620     0x4  anttt-ehdw-04.o [1]
  .bss               zero     0x20002624     0x4  anttt.o [1]
  .bss               zero     0x20002628     0x4  anttt.o [1]
  .bss               zero     0x2000262c     0x4  bleperipheral_engenuics.o [1]
  .bss               zero     0x20002630     0x4  buttons.o [1]
  .bss               zero     0x20002634     0x4  main.o [1]
  .bss               zero     0x20002638     0x2  anttt.o [1]
  .bss               zero     0x2000263a     0x2  anttt.o [1]
  .bss               zero     0x2000263c     0x2  bleperipheral_engenuics.o [1]
  .bss               zero     0x2000263e     0x2  bleperipheral_engenuics.o [1]
  .bss               zero     0x20002640     0x1  anttt.o [1]
  .bss               zero     0x20002641     0x1  bleperipheral_engenuics.o [1]
  .bss               zero     0x20002642     0x1  bleperipheral_engenuics.o [1]
  .bss               zero     0x20002643     0x1  buttons.o [1]
                            - 0x20002644   0x130

"P2", part 3 of 3:                         0x800
  CSTACK                      0x20002648   0x800  <Block>
    CSTACK           uninit   0x20002648   0x800  <Block tail>
                            - 0x20002e48   0x800


*******************************************************************************
*** INIT TABLE
***

          Address     Size
          -------     ----
Zero (__iar_zero_init3)
    1 destination range, total size 0x130:
          0x20002514  0x130

Copy/lz77 (__iar_lz77_init_single3)
    1 source range, total size 0x57 (31% of destination):
          0x0002208e   0x57
    1 destination range, total size 0x112:
          0x20002400  0x112



*******************************************************************************
*** MODULE SUMMARY
***

    Module                     ro code  ro data  rw data
    ------                     -------  -------  -------
C:\Users\Vipin\Documents\GitHub\ANTTT\iar_7_20_1\Debug\Obj: [1]
    ant_integration.o               20
    anttt-ehdw-04.o                552                 8
    anttt.o                      1 212        5       29
    ble_advdata.o                1 654
    ble_integration.o               72               100
    bleperipheral.o                616       17       30
    bleperipheral_engenuics.o      952       16       26
    buttons.o                      744               125
    iar_startup_nrf51.o            286
    interrupts.o                   256
    leds_anttt.o                   664       96      252
    main.o                         142                 4
    soc_integration.o               76
    system_nrf51422.o              240        1        4
    utilities.o                     56
    ----------------------------------------------------
    Total:                       7 542      135      578

command line: [2]
    ----------------------------------------------------
    Total:

dl6M_tln.a: [3]
    exit.o                           8
    low_level_init.o                 4
    ----------------------------------------------------
    Total:                          12

rt6M_tl.a: [4]
    ABImemcpy.o                     92
    ABImemset.o                     80
    I32DivModFast.o                224
    IntDivZer.o                      2
    cexit.o                         10
    cmain.o                         26
    cstartup_M.o                    12
    data_init.o                     40
    lz77_init_single.o             130
    zero_init3.o                    64
    ----------------------------------------------------
    Total:                         680

shb_l.a: [5]
    exit.o                          20
    ----------------------------------------------------
    Total:                          20

    Linker created                           32    2 048
--------------------------------------------------------
    Grand Total:                 8 254      167    2 626


*******************************************************************************
*** ENTRY LIST
***

Entry                      Address   Size  Type      Object
-----                      -------   ----  ----      ------
.iar.init_table$$Base   0x00021fc4          --   Gb  - Linker created -
.iar.init_table$$Limit  0x00021fe4          --   Gb  - Linker created -
?main                   0x00021fe5         Code  Gb  cmain.o [4]
ANTIntegrationHandler   0x00021b0b    0x2  Code  Gb  ant_integration.o [1]
ANTIntegrationInitialize
                        0x00021af9   0x12  Code  Gb  ant_integration.o [1]
ANTT_SM                 0x20002624    0x4  Data  Gb  anttt.o [1]
AntttHandleIncomingMessage
                        0x0002080d   0x1c  Code  Gb  anttt.o [1]
AntttInitialize         0x000207c1   0x4c  Code  Gb  anttt.o [1]
AntttSM_Active          0x000209ed   0xee  Code  Lc  anttt.o [1]
AntttSM_Gameover        0x00020af1  0x142  Code  Lc  anttt.o [1]
AntttSM_Idle            0x000208e1   0x1c  Code  Lc  anttt.o [1]
AntttSM_Wait            0x000208fd   0xcc  Code  Lc  anttt.o [1]
Anttt_away_state        0x2000263a    0x2  Data  Lc  anttt.o [1]
Anttt_home_state        0x20002638    0x2  Data  Lc  anttt.o [1]
Anttt_is_game_over      0x00020829   0x94  Code  Lc  anttt.o [1]
Anttt_reset_rx_buffer   0x000208bd   0x24  Code  Lc  anttt.o [1]
Anttt_rx_data           0x20002628    0x4  Data  Lc  anttt.o [1]
BLEIntegrationHandler   0x00021b11   0x1c  Code  Gb  ble_integration.o [1]
BLEIntegrationInitialize
                        0x00021b0d    0x4  Code  Gb  ble_integration.o [1]
BLEIntegration_get_buffer
                        0x00021b2d   0x24  Code  Lc  ble_integration.o [1]
BPEngenuicsAddRxCharacteristic
                        0x000215b7   0xe0  Code  Lc  bleperipheral_engenuics.o [1]
BPEngenuicsAddService   0x00021587   0x30  Code  Lc  bleperipheral_engenuics.o [1]
BPEngenuicsAddTxCharacteristic
                        0x000216a5  0x13c  Code  Lc  bleperipheral_engenuics.o [1]
BPEngenuicsInitialize   0x000214cd   0x30  Code  Gb  bleperipheral_engenuics.o [1]
BPEngenuicsOnConnect    0x000214fd   0x14  Code  Gb  bleperipheral_engenuics.o [1]
BPEngenuicsOnDisconnect
                        0x00021511   0x14  Code  Gb  bleperipheral_engenuics.o [1]
BPEngenuicsOnWrite      0x00021525   0x62  Code  Gb  bleperipheral_engenuics.o [1]
BPEngenuicsSendData     0x00021469   0x64  Code  Gb  bleperipheral_engenuics.o [1]
ButtonAcknowledge       0x000211c1    0x8  Code  Gb  buttons.o [1]
ButtonInitialize        0x000211c9   0x6a  Code  Gb  buttons.o [1]
ButtonRunActiveState    0x00021233    0xa  Code  Gb  buttons.o [1]
ButtonSM_ButtonActive   0x00021371   0xa2  Code  Lc  buttons.o [1]
ButtonSM_Idle           0x0002131f   0x40  Code  Lc  buttons.o [1]
Button_abNewPress       0x200025f8    0xc  Data  Lc  buttons.o [1]
Button_aeCurrentState   0x200025e0    0xc  Data  Lc  buttons.o [1]
Button_aeNewState       0x200025ec    0xc  Data  Lc  buttons.o [1]
Button_au32HoldTimeStart
                        0x2000259c   0x24  Data  Lc  buttons.o [1]
Button_get_active_column
                        0x0002123d    0x6  Code  Gb  buttons.o [1]
Button_is_still_pressed
                        0x000212b9   0x66  Code  Lc  buttons.o [1]
Button_pfnStateMachine  0x20002630    0x4  Data  Lc  buttons.o [1]
Button_rotate_columns   0x00021243   0x76  Code  Lc  buttons.o [1]
CSTACK$$Base            0x20002648          --   Gb  - Linker created -
CSTACK$$Limit           0x20002e48          --   Gb  - Linker created -
ClockSetup              0x00020fa7   0x5e  Code  Gb  anttt-ehdw-04.o [1]
GPIOTE_IRQHandler       0x00021a85   0x52  Code  Gb  interrupts.o [1]
G_abButtonDebounceActive
                        0x200025d4    0xc  Data  Gb  buttons.o [1]
G_au32ButtonDebounceTimeStart
                        0x20002578   0x24  Data  Gb  buttons.o [1]
G_u32BPEngenuicsFlags   0x2000262c    0x4  Data  Gb  bleperipheral_engenuics.o [1]
G_u32SystemFlags        0x20002634    0x4  Data  Gb  main.o [1]
G_u32SystemTime1ms      0x2000261c    0x4  Data  Gb  anttt-ehdw-04.o [1]
G_u32SystemTime1s       0x20002620    0x4  Data  Gb  anttt-ehdw-04.o [1]
GpioSetup               0x00020eeb   0xbc  Code  Gb  anttt-ehdw-04.o [1]
HardFault_Handler       0x00021a3f    0x4  Code  Gb  interrupts.o [1]
InterruptsInitialize    0x000219f9   0x46  Code  Gb  interrupts.o [1]
IsTimeUp                0x000218e1   0x32  Code  Gb  utilities.o [1]
LedInitialize           0x00020ce3   0x80  Code  Gb  leds_anttt.o [1]
LedOff                  0x00020c8f   0x3e  Code  Gb  leds_anttt.o [1]
LedOn                   0x00020c51   0x3e  Code  Gb  leds_anttt.o [1]
LedToggle               0x00020ccd   0x16  Code  Gb  leds_anttt.o [1]
LedUpdate               0x00020d63  0x15c  Code  Gb  leds_anttt.o [1]
Led_au32BitPositions    0x20002410   0x54  Data  Lc  leds_anttt.o [1]
Leds_asLedArray         0x20002464   0xa8  Data  Lc  leds_anttt.o [1]
RTC1_IRQHandler         0x00021a47   0x2e  Code  Gb  interrupts.o [1]
Region$$Table$$Base     0x00021fc4          --   Gb  - Linker created -
Region$$Table$$Limit    0x00021fe4          --   Gb  - Linker created -
SWI2_IRQHandler         0x00021a75   0x10  Code  Gb  interrupts.o [1]
SocIntegrationHandler   0x000219c7   0x20  Code  Gb  soc_integration.o [1]
SocIntegrationInitialize
                        0x000219ad   0x1a  Code  Gb  soc_integration.o [1]
SysTickSetup            0x00021005   0x26  Code  Gb  anttt-ehdw-04.o [1]
SystemCoreClock         0x2000250c    0x4  Data  Gb  system_nrf51422.o [1]
SystemEnterCriticalSection
                        0x000210e1   0x16  Code  Gb  anttt-ehdw-04.o [1]
SystemExitCriticalSection
                        0x000210f7   0x1a  Code  Gb  anttt-ehdw-04.o [1]
SystemInit              0x00021dbd   0x28  Code  Gb  system_nrf51422.o [1]
SystemSleep             0x000210dd    0x4  Code  Gb  anttt-ehdw-04.o [1]
TIMER1_IRQHandler       0x00021a43    0x4  Code  Gb  interrupts.o [1]
WasButtonPressed        0x000211ad   0x14  Code  Gb  buttons.o [1]
WatchDogSetup           0x00020ee9    0x2  Code  Gb  anttt-ehdw-04.o [1]
__Vectors               0x00020000          --   Gb  iar_startup_nrf51.o [1]
__Vectors_End           0x000200c0         Data  Gb  iar_startup_nrf51.o [1]
__Vectors_Size {Abs}    0x000000c0          --   Gb  iar_startup_nrf51.o [1]
__aeabi_idiv            0x0002182d         Code  Gb  I32DivModFast.o [4]
__aeabi_idiv0           0x000219a9         Code  Gb  IntDivZer.o [4]
__aeabi_idivmod         0x0002182d         Code  Gb  I32DivModFast.o [4]
__aeabi_memcpy          0x00020739         Code  Gb  ABImemcpy.o [4]
__aeabi_memcpy4         0x00020761         Code  Wk  ABImemcpy.o [4]
__aeabi_memset          0x00021111         Code  Gb  ABImemset.o [4]
__aeabi_uidiv           0x00021833         Code  Gb  I32DivModFast.o [4]
__aeabi_uidivmod        0x00021833         Code  Gb  I32DivModFast.o [4]
__cmain                 0x00021fe5         Code  Gb  cmain.o [4]
__exit                  0x00022019   0x14  Code  Gb  exit.o [5]
__iar_Memset4_word      0x00021131         Code  Gb  ABImemset.o [4]
__iar_Memset_word       0x0002111d         Code  Gb  ABImemset.o [4]
__iar_data_init3        0x00021f9d   0x28  Code  Gb  data_init.o [4]
__iar_lz77_init_single3
                        0x00021ead   0x82  Code  Gb  lz77_init_single.o [4]
__iar_program_start     0x0002203d         Code  Gb  cstartup_M.o [4]
__iar_systems$$module {Abs}
                        0x00000001         Data  Gb  command line/config [2]
__iar_zero_init3        0x00021f2f   0x40  Code  Gb  zero_init3.o [4]
__low_level_init        0x00021fff    0x4  Code  Gb  low_level_init.o [3]
__vector_table          0x00020000         Data  Gb  iar_startup_nrf51.o [1]
_call_main              0x00021ff1         Code  Gb  cmain.o [4]
_exit                   0x0002200d         Code  Gb  cexit.o [4]
_main                   0x00021ffb         Code  Gb  cmain.o [4]
adv_data_encode         0x00020555  0x12e  Code  Lc  ble_advdata.o [1]
advdata_check           0x00020683   0x20  Code  Lc  ble_advdata.o [1]
appearance_encode       0x0002016b   0x54  Code  Lc  ble_advdata.o [1]
bPendingResponse        0x20002640    0x1  Data  Lc  anttt.o [1]
ble_advdata_set         0x000206b5   0x82  Code  Gb  ble_advdata.o [1]
ble_srv_is_notification_enabled
                        0x00021455   0x14  Code  Lc  bleperipheral_engenuics.o [1]
bleperipheralEventHandler
                        0x00021ba9   0x74  Code  Gb  bleperipheral.o [1]
bleperipheralInitialize
                        0x00021b55   0x54  Code  Gb  bleperipheral.o [1]
bleperipheral_advertising_init
                        0x00021c99   0x9a  Code  Lc  bleperipheral.o [1]
bleperipheral_advertising_start
                        0x00021d45   0x14  Code  Lc  bleperipheral.o [1]
bleperipheral_gap_params_init
                        0x00021c1d   0x7c  Code  Lc  bleperipheral.o [1]
bleperipheral_sec_params_init
                        0x00021d59   0x48  Code  Lc  bleperipheral.o [1]
bleperipheral_services_init
                        0x00021d33   0x12  Code  Lc  bleperipheral.o [1]
callback_bleperipheral_engenuics_data_rx
                        0x00021995   0x12  Code  Gb  main.o [1]
conn_handle             0x2000263e    0x2  Data  Lc  bleperipheral_engenuics.o [1]
conn_int_check          0x00020369   0x58  Code  Lc  ble_advdata.o [1]
conn_int_encode         0x000203c9   0x64  Code  Lc  ble_advdata.o [1]
exit                    0x00022003    0x8  Code  Gb  exit.o [3]
is_disabled_in_debug_needed
                        0x00021e55   0x38  Code  Lc  system_nrf51422.o [1]
is_manual_peripheral_setup_needed
                        0x00021de5   0x70  Code  Lc  system_nrf51422.o [1]
is_notification_enabled
                        0x20002642    0x1  Data  Lc  bleperipheral_engenuics.o [1]
m_adv_params            0x200025c0   0x14  Data  Lc  bleperipheral.o [1]
m_conn_handle           0x20002510    0x2  Data  Lc  bleperipheral.o [1]
m_evt_buffer            0x20002514   0x64  Data  Lc  ble_integration.o [1]
m_sec_params            0x20002604    0x8  Data  Lc  bleperipheral.o [1]
main                    0x00021919   0x72  Code  Gb  main.o [1]
manuf_specific_data_encode
                        0x0002042d   0x84  Code  Lc  ble_advdata.o [1]
name_encode             0x000200d3   0x98  Code  Lc  ble_advdata.o [1]
nrf_gpio_pin_clear      0x00020795    0xa  Code  Lc  anttt.o [1]
nrf_gpio_pin_clear      0x0002116b    0xa  Code  Lc  buttons.o [1]
nrf_gpio_pin_read       0x00021175    0xe  Code  Lc  buttons.o [1]
nrf_gpio_pin_set        0x00021161    0xa  Code  Lc  buttons.o [1]
nrf_gpio_pin_toggle     0x0002079f   0x22  Code  Lc  anttt.o [1]
nrf_gpiote_event_config
                        0x00021183   0x2a  Code  Lc  buttons.o [1]
rx_handles              0x20002614    0x8  Data  Lc  bleperipheral_engenuics.o [1]
service_data_encode     0x000204b1   0xa4  Code  Lc  ble_advdata.o [1]
service_handle          0x2000263c    0x2  Data  Lc  bleperipheral_engenuics.o [1]
softdevice_assert_callback
                        0x000219f5    0x4  Code  Lc  soc_integration.o [1]
srdata_check            0x000206a3   0x12  Code  Lc  ble_advdata.o [1]
tx_handles              0x2000260c    0x8  Data  Lc  bleperipheral_engenuics.o [1]
tx_power_level_encode   0x00020225   0x3c  Code  Lc  ble_advdata.o [1]
u8ActiveCol             0x20002643    0x1  Data  Lc  buttons.o [1]
uint16_decode           0x00021449    0xc  Code  Lc  bleperipheral_engenuics.o [1]
uint16_encode           0x000200c1   0x12  Code  Lc  ble_advdata.o [1]
uint8_array_encode      0x000201bf   0x66  Code  Lc  ble_advdata.o [1]
uuid_list_encode        0x00020329   0x40  Code  Lc  ble_advdata.o [1]
uuid_list_sized_encode  0x00020261   0xc8  Code  Lc  ble_advdata.o [1]
uuid_type               0x20002641    0x1  Data  Lc  bleperipheral_engenuics.o [1]
winning_combos          0x20002400   0x10  Data  Gb  anttt.o [1]


[1] = C:\Users\Vipin\Documents\GitHub\ANTTT\iar_7_20_1\Debug\Obj
[2] = command line
[3] = dl6M_tln.a
[4] = rt6M_tl.a
[5] = shb_l.a

  8 254 bytes of readonly  code memory
    167 bytes of readonly  data memory
  2 626 bytes of readwrite data memory

Errors: none
Warnings: none
