###############################################################################
#
# IAR ANSI C/C++ Compiler V8.11.2.13589/W32 for ARM       26/Dec/2017  14:52:55
# Copyright 1999-2017 IAR Systems AB.
#
#    Cpu mode     =  thumb
#    Endian       =  little
#    Source file  =  
#        C:\Users\Vipin\Documents\GitHub\ANTTT\bsp\soc_integration.c
#    Command line =  
#        -f C:\Users\Vipin\AppData\Local\Temp\EWAEC3.tmp
#        (C:\Users\Vipin\Documents\GitHub\ANTTT\bsp\soc_integration.c -D NRF51
#        -lC C:\Users\Vipin\Documents\GitHub\ANTTT\iar_7_20_1\Debug\List -o
#        C:\Users\Vipin\Documents\GitHub\ANTTT\iar_7_20_1\Debug\Obj --no_cse
#        --no_unroll --no_inline --no_code_motion --no_tbaa --no_clustering
#        --no_scheduling --debug --endian=little --cpu=Cortex-M0 -e --fpu=None
#        --dlib_config "C:\Program Files (x86)\IAR Systems\Embedded Workbench
#        8.0\arm\INC\c\DLib_Config_Normal.h" -I
#        C:\Users\Vipin\Documents\GitHub\ANTTT\iar_7_20_1\..\bsp\ -I
#        C:\Users\Vipin\Documents\GitHub\ANTTT\iar_7_20_1\..\application\ -I
#        C:\Users\Vipin\Documents\GitHub\ANTTT\iar_7_20_1\..\nordic_sdk6_1_0\
#        -I
#        C:\Users\Vipin\Documents\GitHub\ANTTT\iar_7_20_1\..\nordic_sdk6_1_0\Include\
#        -I
#        C:\Users\Vipin\Documents\GitHub\ANTTT\iar_7_20_1\..\nordic_sdk6_1_0\Include\s310\
#        -I
#        C:\Users\Vipin\Documents\GitHub\ANTTT\iar_7_20_1\..\nordic_sdk6_1_0\Include\ble\
#        -I
#        C:\Users\Vipin\Documents\GitHub\ANTTT\iar_7_20_1\..\nordic_sdk6_1_0\Include\ble\ble_services\
#        -I
#        C:\Users\Vipin\Documents\GitHub\ANTTT\iar_7_20_1\..\nordic_sdk6_1_0\Include\ble\device_manager\
#        -I
#        C:\Users\Vipin\Documents\GitHub\ANTTT\iar_7_20_1\..\nordic_sdk6_1_0\Include\app_common\
#        -I C:\Users\Vipin\Documents\GitHub\ANTTT\iar_7_20_1\..\drivers\ -On -I
#        "C:\Program Files (x86)\IAR Systems\Embedded Workbench
#        8.0\arm\CMSIS\Include\")
#    Locale       =  C
#    List file    =  
#        C:\Users\Vipin\Documents\GitHub\ANTTT\iar_7_20_1\Debug\List\soc_integration.lst
#    Object file  =  
#        C:\Users\Vipin\Documents\GitHub\ANTTT\iar_7_20_1\Debug\Obj\soc_integration.o
#
###############################################################################

C:\Users\Vipin\Documents\GitHub\ANTTT\bsp\soc_integration.c
      1          /**********************************************************************************************************************
      2          File: soc_integration.c                                                                
      3          
      4          Description:
      5          This is a soc_integration .c file new source code
      6          **********************************************************************************************************************/
      7          
      8          #include "configuration.h"
      9          
     10          /***********************************************************************************************************************
     11          Global variable definitions with scope across entire project.
     12          All Global variable names shall start with "G_"
     13          ***********************************************************************************************************************/
     14          /* New variables */

   \                                 In section .bss, align 4
     15          volatile u32 G_u32SocIntegrationFlags;                 /* Global state flags */
   \                     G_u32SocIntegrationFlags:
   \   00000000                      DS8 4
     16          
     17          
     18          /*--------------------------------------------------------------------------------------------------------------------*/
     19          /* Existing variables (defined in other files -- should all contain the "extern" keyword) */
     20          extern volatile u32 G_u32SystemFlags;                  /* From main.c */
     21          extern volatile u32 G_u32SystemTime1ms;                /* From board-specific source file */
     22          extern volatile u32 G_u32SystemTime1s;                 /* From board-specific source file */
     23          
     24          
     25          /***********************************************************************************************************************
     26          Global variable definitions with scope limited to this local application.
     27          Variable names shall start with "SocInt_" and be declared as static.
     28          ***********************************************************************************************************************/
     29          static u32 SocInt_u32Timeout;                      /* Timeout counter used across states */
     30          
     31          
     32          /*--------------------------------------------------------------------------------------------------------------------*/
     33          /* Private Function Declarations.                                                                                                   */
     34          /*--------------------------------------------------------------------------------------------------------------------*/
     35          static void softdevice_assert_callback(uint32_t ulPC, uint16_t usLineNum, const uint8_t *pucFileName);
     36          
     37          
     38          /**********************************************************************************************************************
     39          Function Definitions
     40          **********************************************************************************************************************/
     41          /*--------------------------------------------------------------------------------------------------------------------*/
     42          /* Public functions                                                                                                   */
     43          /*--------------------------------------------------------------------------------------------------------------------*/
     44          
     45          
     46          /*--------------------------------------------------------------------------------------------------------------------*/
     47          /* Protected functions                                                                                                */
     48          /*--------------------------------------------------------------------------------------------------------------------*/
     49          /*----------------------------------------------------------------------------------------------------------------------
     50          Function: SocIntegrationInitialize
     51          
     52          Description:
     53          Initializes the SoftDevice to use the Protocol Stacks. Enables the SD_EVT_IRQ to allow forwarding of Protocol Interrupts to the
     54          application.
     55          
     56          Requires:
     57            - Called once during initialization.
     58          
     59          Promises:
     60            - Returns TRUE if SoftDevice enabled successfully.
     61            - Returns FALSE if SoftDevice enabling failed.
     62          */

   \                                 In section .text, align 2, keep-with-next
     63          bool SocIntegrationInitialize(void)
     64          {
   \                     SocIntegrationInitialize: (+1)
   \   00000000   0xB580             PUSH     {R7,LR}
     65            uint32_t result = NRF_SUCCESS;
   \   00000002   0x2200             MOVS     R2,#+0
     66            
     67            result |= sd_softdevice_enable(NRF_CLOCK_LFCLKSRC_SYNTH_250_PPM, softdevice_assert_callback);
   \   00000004   0x....             LDR      R1,??DataTable1
   \   00000006   0x2000             MOVS     R0,#+0
   \   00000008   0xDF10             SVC      0x10
   \   0000000A   0x4310             ORRS     R0,R0,R2
     68            return result == NRF_SUCCESS;
   \   0000000C   0x2800             CMP      R0,#+0
   \   0000000E   0xD101             BNE      ??SocIntegrationInitialize_0
   \   00000010   0x2001             MOVS     R0,#+1
   \   00000012   0xE000             B        ??SocIntegrationInitialize_1
   \                     ??SocIntegrationInitialize_0: (+1)
   \   00000014   0x2000             MOVS     R0,#+0
   \                     ??SocIntegrationInitialize_1: (+1)
   \   00000016   0xB2C0             UXTB     R0,R0
   \   00000018   0xBD02             POP      {R1,PC}          ;; return
     69          }
     70          
     71          
     72          /*----------------------------------------------------------------------------------------------------------------------
     73          Function: SocIntegrationHandler
     74          
     75          Description:
     76          This is the global event checker for Protocol Events. It is called continuously from main(). It checks if the 
     77          _SYSTEM_PROTOCOL_EVENT is set. If so, it calls the dispatchers for the protocol event handlers.
     78          
     79          Requires:
     80            - SoftDevice is enabled
     81            - BLE and ANT have been initialized
     82            - Application is running
     83          
     84          Promises:
     85            - Proper dispatching of Protocol events to its handlers
     86            - Clears the _SYSTEM_PROTOCOL_EVENT system flag
     87          */

   \                                 In section .text, align 2, keep-with-next
     88          void SocIntegrationHandler(void)
     89          {
   \                     SocIntegrationHandler: (+1)
   \   00000000   0xB580             PUSH     {R7,LR}
     90            // Check if pending event.
     91            if (G_u32SystemFlags & _SYSTEM_PROTOCOL_EVENT)
   \   00000002   0x....             LDR      R0,??DataTable1_1
   \   00000004   0x6800             LDR      R0,[R0, #+0]
   \   00000006   0x03C0             LSLS     R0,R0,#+15
   \   00000008   0xD509             BPL      ??SocIntegrationHandler_0
     92            {
     93              // Clear pending event and process protocol events.
     94              G_u32SystemFlags &= ~_SYSTEM_PROTOCOL_EVENT;
   \   0000000A   0x....             LDR      R0,??DataTable1_1
   \   0000000C   0x6800             LDR      R0,[R0, #+0]
   \   0000000E   0x....             LDR      R1,??DataTable1_2  ;; 0xfffeffff
   \   00000010   0x4001             ANDS     R1,R1,R0
   \   00000012   0x....             LDR      R0,??DataTable1_1
   \   00000014   0x6001             STR      R1,[R0, #+0]
     95              ANTIntegrationHandler();
   \   00000016   0x.... 0x....      BL       ANTIntegrationHandler
     96              BLEIntegrationHandler();
   \   0000001A   0x.... 0x....      BL       BLEIntegrationHandler
     97            }
     98          }
   \                     ??SocIntegrationHandler_0: (+1)
   \   0000001E   0xBD01             POP      {R0,PC}          ;; return
     99          
    100          /*--------------------------------------------------------------------------------------------------------------------*/
    101          /* Private functions                                                                                                  */
    102          /*--------------------------------------------------------------------------------------------------------------------*/
    103          /*----------------------------------------------------------------------------------------------------------------------
    104          Function: SocIntegrationHandler
    105          
    106          Description:
    107          Assertion handler from the Softdevice.
    108          
    109          Requires:
    110            - None
    111          Promises:
    112            - Halts the system.
    113            - Provides the PC counter, Line Num and the FileName in the SoftDevice Code that caused the assertion.
    114          */

   \                                 In section .text, align 2, keep-with-next
    115          void softdevice_assert_callback(uint32_t ulPC, uint16_t usLineNum, const uint8_t *pucFileName)
    116          {
   \                     softdevice_assert_callback: (+1)
   \   00000000   0xB500             PUSH     {LR}
    117             while (1);
   \                     ??softdevice_assert_callback_0: (+1)
   \   00000002   0xE7FE             B        ??softdevice_assert_callback_0
    118             NVIC_SystemReset();
                    ^
Warning[Pe111]: statement is unreachable

  static u32 SocInt_u32Timeout;                      /* Timeout counter used across states */
             ^
"C:\Users\Vipin\Documents\GitHub\ANTTT\bsp\soc_integration.c",29  Warning[Pe177]: 
          variable "SocInt_u32Timeout" was declared but never referenced
    119          }

   \                                 In section .text, align 4, keep-with-next
   \                     ??DataTable1:
   \   00000000   0x........         DC32     softdevice_assert_callback

   \                                 In section .text, align 4, keep-with-next
   \                     ??DataTable1_1:
   \   00000000   0x........         DC32     G_u32SystemFlags

   \                                 In section .text, align 4, keep-with-next
   \                     ??DataTable1_2:
   \   00000000   0xFFFEFFFF         DC32     0xfffeffff
    120          
    121          
    122          
    123          /*--------------------------------------------------------------------------------------------------------------------*/
    124          /* End of File                                                                                                        */
    125          /*--------------------------------------------------------------------------------------------------------------------*/

   Maximum stack usage in bytes:

   .cstack Function
   ------- --------
       8   SocIntegrationHandler
         8   -> ANTIntegrationHandler
         8   -> BLEIntegrationHandler
       8   SocIntegrationInitialize
       4   softdevice_assert_callback


   Section sizes:

   Bytes  Function/Label
   -----  --------------
       4  ??DataTable1
       4  ??DataTable1_1
       4  ??DataTable1_2
       4  G_u32SocIntegrationFlags
      32  SocIntegrationHandler
      26  SocIntegrationInitialize
       4  softdevice_assert_callback

 
  4 bytes in section .bss
 74 bytes in section .text
 
 74 bytes of CODE memory
  4 bytes of DATA memory

Errors: none
Warnings: 2
